// Jest Snapshot v1, https://goo.gl/fbAQLP

exports[`App should match the snapshot 1`] = `
<div
  className="App"
>
  <AddVeggiesForm
    addVegetable={[Function]}
  />
</div>
`;
