// Jest Snapshot v1, https://goo.gl/fbAQLP

exports[`VeggieCard should match the snapshot 1`] = `
<div
  className="veggieCard"
>
  kale
</div>
`;
