// Jest Snapshot v1, https://goo.gl/fbAQLP

exports[`AddVeggiesForm should match the snapshot 1`] = `
<form
  onSubmit={[Function]}
>
  <input
    placeholer="New Vegetable"
  />
  <button
    type="submit"
  >
    Add it
  </button>
</form>
`;
